// Jest Snapshot v1, https://goo.gl/fbAQLP

exports[`Board should be generated for 10x10 with no diagonal directions 1`] = `
Array [
  Array [
    "p",
    "v",
    "s",
    "p",
    "o",
    "l",
    "d",
    "l",
    "e",
    "e",
  ],
  Array [
    "y",
    "a",
    "o",
    "e",
    "w",
    "o",
    "c",
    "z",
    "e",
    "m",
  ],
  Array [
    "t",
    "d",
    "m",
    "l",
    "o",
    "b",
    "i",
    "y",
    "l",
    "a",
  ],
  Array [
    "o",
    "s",
    "s",
    "d",
    "l",
    "m",
    "s",
    "t",
    "e",
    "g",
  ],
  Array [
    "b",
    "i",
    "o",
    "s",
    "i",
    "y",
    "x",
    "p",
    "e",
    "y",
  ],
  Array [
    "k",
    "p",
    "i",
    "t",
    "s",
    "s",
    "u",
    "m",
    "r",
    "d",
  ],
  Array [
    "p",
    "c",
    "p",
    "h",
    "e",
    "a",
    "d",
    "e",
    "t",
    "o",
  ],
  Array [
    "i",
    "o",
    "m",
    "s",
    "m",
    "w",
    "e",
    "e",
    "k",
    "b",
  ],
  Array [
    "e",
    "a",
    "t",
    "d",
    "o",
    "a",
    "r",
    "r",
    "a",
    "y",
  ],
  Array [
    "l",
    "n",
    "d",
    "s",
    "s",
    "a",
    "d",
    "u",
    "s",
    "a",
  ],
]
`;

exports[`Board should be generated for 12x12 with any directions 1`] = `
Array [
  Array [
    "y",
    "b",
    "a",
    "c",
    "o",
    "u",
    "n",
    "t",
    "t",
    "l",
    "t",
    "y",
  ],
  Array [
    "a",
    "e",
    "a",
    "l",
    "e",
    "r",
    "t",
    "t",
    "c",
    "l",
    "n",
    "e",
  ],
  Array [
    "d",
    "t",
    "e",
    "v",
    "k",
    "r",
    "o",
    "w",
    "u",
    "u",
    "a",
    "k",
  ],
  Array [
    "i",
    "a",
    "t",
    "i",
    "m",
    "e",
    "r",
    "t",
    "d",
    "p",
    "o",
    "p",
  ],
  Array [
    "n",
    "l",
    "l",
    "a",
    "c",
    "o",
    "l",
    "u",
    "o",
    "e",
    "o",
    "e",
  ],
  Array [
    "f",
    "i",
    "l",
    "e",
    "s",
    "l",
    "e",
    "o",
    "r",
    "c",
    "t",
    "e",
  ],
  Array [
    "i",
    "p",
    "a",
    "d",
    "d",
    "i",
    "n",
    "g",
    "p",
    "a",
    "u",
    "s",
  ],
  Array [
    "n",
    "e",
    "t",
    "h",
    "g",
    "i",
    "e",
    "w",
    "d",
    "e",
    "w",
    "t",
  ],
  Array [
    "i",
    "o",
    "e",
    "f",
    "a",
    "h",
    "s",
    "p",
    "l",
    "o",
    "o",
    "p",
  ],
  Array [
    "t",
    "l",
    "o",
    "a",
    "d",
    "h",
    "u",
    "m",
    "g",
    "n",
    "o",
    "l",
  ],
  Array [
    "y",
    "n",
    "e",
    "p",
    "a",
    "d",
    "e",
    "l",
    "i",
    "a",
    "m",
    "o",
  ],
  Array [
    "t",
    "a",
    "n",
    "w",
    "o",
    "d",
    "e",
    "g",
    "a",
    "p",
    "a",
    "h",
  ],
]
`;

exports[`Board should be generated for 15x15 with any directions 1`] = `
Array [
  Array [
    "w",
    "i",
    "e",
    "h",
    "u",
    "b",
    "a",
    "c",
    "k",
    "s",
    "p",
    "a",
    "c",
    "e",
    "y",
  ],
  Array [
    "c",
    "n",
    "l",
    "r",
    "y",
    "o",
    "l",
    "p",
    "e",
    "d",
    "e",
    "t",
    "n",
    "e",
    "a",
  ],
  Array [
    "r",
    "t",
    "i",
    "e",
    "c",
    "i",
    "l",
    "s",
    "r",
    "o",
    "w",
    "l",
    "u",
    "d",
    "l",
  ],
  Array [
    "e",
    "e",
    "p",
    "e",
    "r",
    "o",
    "u",
    "n",
    "d",
    "h",
    "l",
    "r",
    "h",
    "d",
    "p",
  ],
  Array [
    "a",
    "r",
    "m",
    "p",
    "p",
    "s",
    "u",
    "f",
    "n",
    "i",
    "t",
    "t",
    "l",
    "m",
    "s",
  ],
  Array [
    "t",
    "n",
    "o",
    "o",
    "n",
    "l",
    "o",
    "s",
    "e",
    "t",
    "d",
    "o",
    "e",
    "i",
    "i",
  ],
  Array [
    "e",
    "e",
    "c",
    "t",
    "e",
    "r",
    "e",
    "c",
    "e",
    "i",
    "b",
    "d",
    "t",
    "t",
    "d",
  ],
  Array [
    "t",
    "t",
    "a",
    "u",
    "w",
    "c",
    "e",
    "h",
    "w",
    "r",
    "i",
    "s",
    "a",
    "v",
    "e",
  ],
  Array [
    "n",
    "o",
    "h",
    "a",
    "d",
    "g",
    "a",
    "k",
    "c",
    "a",
    "h",
    "s",
    "o",
    "f",
    "d",
  ],
  Array [
    "d",
    "r",
    "r",
    "s",
    "e",
    "l",
    "o",
    "f",
    "s",
    "i",
    "t",
    "i",
    "l",
    "i",
    "e",
  ],
  Array [
    "c",
    "a",
    "u",
    "r",
    "t",
    "c",
    "i",
    "t",
    "r",
    "o",
    "e",
    "z",
    "f",
    "x",
    "s",
  ],
  Array [
    "m",
    "d",
    "t",
    "n",
    "e",
    "e",
    "a",
    "h",
    "o",
    "e",
    "c",
    "e",
    "i",
    "g",
    "i",
  ],
  Array [
    "l",
    "e",
    "v",
    "e",
    "l",
    "n",
    "p",
    "p",
    "c",
    "a",
    "t",
    "k",
    "i",
    "u",
    "g",
  ],
  Array [
    "t",
    "r",
    "u",
    "n",
    "c",
    "a",
    "t",
    "e",
    "s",
    "i",
    "h",
    "n",
    "e",
    "b",
    "n",
  ],
  Array [
    "r",
    "u",
    "l",
    "b",
    "f",
    "a",
    "m",
    "i",
    "l",
    "y",
    "t",
    "a",
    "i",
    "t",
    "d",
  ],
]
`;

exports[`Board should be generated for 20x15 with only horizontal directions 1`] = `
Array [
  Array [
    "s",
    "e",
    "e",
    "t",
    "o",
    "d",
    "a",
    "s",
    "t",
    "a",
    "n",
    "b",
    "y",
    "m",
    "d",
    "o",
    "d",
    "n",
    "f",
    "l",
  ],
  Array [
    "s",
    "e",
    "e",
    "t",
    "o",
    "d",
    "a",
    "s",
    "t",
    "a",
    "n",
    "b",
    "y",
    "m",
    "d",
    "o",
    "d",
    "n",
    "f",
    "l",
  ],
  Array [
    "s",
    "e",
    "e",
    "t",
    "o",
    "d",
    "a",
    "s",
    "t",
    "a",
    "n",
    "b",
    "y",
    "m",
    "d",
    "o",
    "d",
    "n",
    "f",
    "l",
  ],
  Array [
    "s",
    "e",
    "e",
    "t",
    "o",
    "d",
    "a",
    "s",
    "t",
    "a",
    "n",
    "b",
    "y",
    "m",
    "d",
    "o",
    "d",
    "n",
    "f",
    "l",
  ],
  Array [
    "s",
    "e",
    "e",
    "t",
    "o",
    "d",
    "a",
    "s",
    "t",
    "a",
    "n",
    "b",
    "y",
    "m",
    "d",
    "o",
    "d",
    "n",
    "f",
    "l",
  ],
  Array [
    "s",
    "e",
    "e",
    "t",
    "o",
    "d",
    "a",
    "s",
    "t",
    "a",
    "n",
    "b",
    "y",
    "m",
    "d",
    "o",
    "d",
    "n",
    "f",
    "l",
  ],
  Array [
    "s",
    "e",
    "e",
    "t",
    "o",
    "d",
    "a",
    "s",
    "t",
    "a",
    "n",
    "b",
    "y",
    "m",
    "d",
    "o",
    "d",
    "n",
    "f",
    "l",
  ],
  Array [
    "s",
    "e",
    "e",
    "t",
    "o",
    "d",
    "a",
    "s",
    "t",
    "a",
    "n",
    "b",
    "y",
    "m",
    "d",
    "o",
    "d",
    "n",
    "f",
    "l",
  ],
  Array [
    "s",
    "e",
    "e",
    "t",
    "o",
    "d",
    "a",
    "s",
    "t",
    "a",
    "n",
    "b",
    "y",
    "m",
    "d",
    "o",
    "d",
    "n",
    "f",
    "l",
  ],
  Array [
    "s",
    "e",
    "e",
    "t",
    "o",
    "d",
    "a",
    "s",
    "t",
    "a",
    "n",
    "b",
    "y",
    "m",
    "d",
    "o",
    "d",
    "n",
    "f",
    "l",
  ],
  Array [
    "s",
    "e",
    "e",
    "t",
    "o",
    "d",
    "a",
    "s",
    "m",
    "t",
    "a",
    "n",
    "b",
    "y",
    "m",
    "d",
    "o",
    "d",
    "n",
    "f",
  ],
  Array [
    "l",
    "s",
    "e",
    "e",
    "t",
    "o",
    "d",
    "a",
    "a",
    "s",
    "t",
    "a",
    "n",
    "b",
    "y",
    "m",
    "d",
    "o",
    "d",
    "n",
  ],
  Array [
    "f",
    "l",
    "s",
    "e",
    "e",
    "t",
    "s",
    "o",
    "d",
    "a",
    "s",
    "t",
    "a",
    "n",
    "b",
    "y",
    "m",
    "d",
    "o",
    "d",
  ],
  Array [
    "n",
    "f",
    "l",
    "s",
    "e",
    "k",
    "e",
    "t",
    "o",
    "d",
    "a",
    "s",
    "t",
    "a",
    "n",
    "b",
    "y",
    "m",
    "d",
    "o",
  ],
  Array [
    "d",
    "n",
    "f",
    "l",
    "s",
    "e",
    "e",
    "t",
    "o",
    "d",
    "a",
    "s",
    "t",
    "a",
    "n",
    "b",
    "y",
    "m",
    "d",
    "o",
  ],
]
`;
